// Jest Snapshot v1, https://goo.gl/fbAQLP

exports[`CheckBoxControlView render should display correct 1`] = `
"<FormGroup check={true} tag=\\"div\\">
  <Label check={true} tag=\\"label\\" widths={{...}}>
    <Input type=\\"checkbox\\" onChange={[Function: mockConstructor]} disabled={false} />
    label
  </Label>
</FormGroup>"
`;
