// Jest Snapshot v1, https://goo.gl/fbAQLP

exports[`MartingaleStrategyCheckBoxContainer render should display the disabled checkbox 1`] = `"<CheckBoxControlView label=\\"Martingale Strategy\\" onChange={[Function]} disabled={true} />"`;

exports[`MartingaleStrategyCheckBoxContainer render should display the enabled checkbox 1`] = `"<CheckBoxControlView label=\\"Martingale Strategy\\" onChange={[Function]} disabled={false} />"`;
